../Core/Src/main.c:79:6:HAL_GPIO_EXTI_Callback	16	static
../Core/Src/main.c:95:9:normalize_small	16	static
../Core/Src/main.c:101:9:normalize_large	16	static
../Core/Src/main.c:107:6:HAL_ADC_ConvCpltCallback	40	static
../Core/Src/main.c:138:5:main	8	static
../Core/Src/main.c:188:6:SystemClock_Config	88	static
../Core/Src/main.c:235:13:MX_ADC1_Init	24	static
../Core/Src/main.c:314:13:MX_USART2_UART_Init	8	static
../Core/Src/main.c:345:13:MX_DMA_Init	16	static
../Core/Src/main.c:367:13:MX_GPIO_Init	40	static
../Core/Src/main.c:415:6:Error_Handler	4	static,ignoring_inline_asm
